
=== Sun Oct  5 00:24:13 2025

Packages were changed.
Update Mode: mergeDefaultDependencies

The following packages were added:
  com.unity.modules.ai@1.0.0
  com.unity.modules.androidjni@1.0.0
  com.unity.modules.animation@1.0.0
  com.unity.modules.assetbundle@1.0.0
  com.unity.modules.audio@1.0.0
  com.unity.modules.cloth@1.0.0
  com.unity.modules.director@1.0.0
  com.unity.modules.imageconversion@1.0.0
  com.unity.modules.imgui@1.0.0
  com.unity.modules.jsonserialize@1.0.0
  com.unity.modules.particlesystem@1.0.0
  com.unity.modules.physics@1.0.0
  com.unity.modules.physics2d@1.0.0
  com.unity.modules.screencapture@1.0.0
  com.unity.modules.terrain@1.0.0
  com.unity.modules.terrainphysics@1.0.0
  com.unity.modules.tilemap@1.0.0
  com.unity.modules.ui@1.0.0
  com.unity.modules.uielements@1.0.0
  com.unity.modules.umbra@1.0.0
  com.unity.modules.unityanalytics@1.0.0
  com.unity.modules.unitywebrequest@1.0.0
  com.unity.modules.unitywebrequestassetbundle@1.0.0
  com.unity.modules.unitywebrequestaudio@1.0.0
  com.unity.modules.unitywebrequesttexture@1.0.0
  com.unity.modules.unitywebrequestwww@1.0.0
  com.unity.modules.vehicles@1.0.0
  com.unity.modules.video@1.0.0
  com.unity.modules.vr@1.0.0
  com.unity.modules.wind@1.0.0
  com.unity.modules.xr@1.0.0
  com.unity.modules.accessibility@1.0.0
  com.unity.multiplayer.center@1.0.0
The following packages were updated:
  com.unity.ai.navigation from version 2.0.0 to 2.0.8
  com.unity.collab-proxy from version 2.2.0 to 2.9.2
  com.unity.ide.rider from version 3.0.27 to 3.0.36
  com.unity.ide.visualstudio from version 2.0.22 to 2.0.23
  com.unity.inputsystem from version 1.8.1 to 1.14.2
  com.unity.render-pipelines.universal from version 17.0.1 to 17.0.4
  com.unity.test-framework from version 1.4.2 to 1.5.1
  com.unity.timeline from version 1.8.6 to 1.8.9
  com.unity.visualscripting from version 1.9.1 to 1.9.7

=== Mon Oct  6 10:55:25 2025

Packages were changed.
Update Mode: updateDependencies

The following packages were updated:
  com.unity.mathematics from version 1.2.6 to 1.3.2
  com.unity.postprocessing from version 3.2.2 to 3.5.0

=== Mon Oct  6 10:55:25 2025

Packages were changed.
Update Mode: mergeDefaultDependencies

The following packages were added:
  com.unity.mathematics@1.3.2
  com.unity.postprocessing@3.5.0

=== Wed Oct  8 13:39:45 2025

Packages were changed.
Update Mode: updateDependencies

The following packages were updated:
  com.unity.addressables from version 1.19.6 to 2.7.2
  com.unity.animation.rigging from version 1.0.3 to 1.3.0
  com.unity.burst from version 1.4.11 to 1.8.24
  com.unity.cinemachine from version 2.6.10 to 2.10.4
  com.unity.ide.rider from version 2.0.7 to 3.0.36
  com.unity.ide.visualstudio from version 2.0.12 to 2.0.23
  com.unity.inputsystem from version 1.0.2 to 1.14.2
  com.unity.learn.iet-framework from version 2.1.0 to 4.0.4
  com.unity.learn.iet-framework.authoring from version 1.0.0 to 1.2.2
  com.unity.localization from version 1.0.3 to 1.5.5
  com.unity.polybrush from version 1.0.2 to 1.2.0
  com.unity.probuilder from version 4.5.2 to 6.0.6
  com.unity.render-pipelines.universal from version 10.6.0 to 17.0.4
  com.unity.scriptablebuildpipeline from version 1.19.2 to 2.4.0
  com.unity.settings-manager from version 1.0.3 to 2.1.0
  com.unity.timeline from version 1.4.8 to 1.8.9
  com.unity.ugui from version 1.0.0 to 2.0.0
The following packages were removed:
  com.unity.textmeshpro@3.0.6

=== Wed Oct  8 13:39:45 2025

Packages were changed.
Update Mode: mergeDefaultDependencies

The following packages were added:
  com.unity.2d.sprite@1.0.0
  com.unity.addressables@2.7.2
  com.unity.animation.rigging@1.3.0
  com.unity.burst@1.8.24
  com.unity.cinemachine@2.10.4
  com.unity.ide.vscode@1.2.4
  com.unity.learn.iet-framework@4.0.4
  com.unity.learn.iet-framework.authoring@1.2.2
  com.unity.localization@1.5.5
  com.unity.polybrush@1.2.0
  com.unity.probuilder@6.0.6
  com.unity.scriptablebuildpipeline@2.4.0
  com.unity.settings-manager@2.1.0
